[localhost_8180/index.html]
[backblue.gif]
[fade.gif]
[index.html]
[localhost_8180/wp-includes/css/dist/block-library/style.min9f31.css]
[localhost_8180/wp-includes/css/dist/block-library/theme.min9f31.css]
[localhost_8180/wp-content/themes/twentytwentyone/style4e44.css]
[localhost_8180/wp-content/themes/twentytwentyone/assets/css/print4e44.css]
[localhost_8180/comments/feed/index.html]
[localhost_8180/wp-content/plugins/google-analytics-for-wordpress/assets/js/frontend-gtag.min3db5.js]
[localhost_8180/xmlrpc0db0.php]
[localhost_8180/wp-includes/wlwmanifest.xml]
[localhost_8180/wp-json/index.html]
[localhost_8180/wp-content/themes/twentytwentyone/assets/js/polyfills4e44.js]
[localhost_8180/wp-content/themes/twentytwentyone/assets/js/responsive-embeds4e44.js]
[localhost_8180/wp-content/themes/twentytwentyone/assets/js/primary-navigation4e44.js]
[localhost_8180/index.html]
[localhost_8180/wp-includes/js/wp-embed.min9f31.js]
[localhost_8180/young-scientist-workshop/index.html]
[localhost_8180/feed/index.html]
[localhost_8180/category/science-2/technology/index.html]
[localhost_8180/wp-includes/css/dist/block-library/style.min9f31.css]
[localhost_8180/category/science-2/index.html]
[localhost_8180/category/motivation/index.html]
[localhost_8180/wp-includes/css/dist/block-library/theme.min9f31.css]
[localhost_8180/category/stories/index.html]
[localhost_8180/category/startups/index.html]
[localhost_8180/wp-content/themes/twentytwentyone/style4e44.css]
[localhost_8180/category/career/index.html]
[localhost_8180/category/education/index.html]
[localhost_8180/2019/03/31/experiment-generation-of-electricity-from-wind/index.html]
[localhost_8180/wp-content/themes/twentytwentyone/assets/css/print4e44.css]
[localhost_8180/category/youngsciencelab/index.html]
[localhost_8180/tag/experiment/index.html]
[localhost_8180/tag/physics/index.html]
[localhost_8180/2019/03/05/observation-research-and-study/index.html]
[localhost_8180/tag/research/index.html]
[localhost_8180/category/research/index.html]
[localhost_8180/category/life/index.html]
[localhost_8180/tag/innovation/index.html]
[localhost_8180/2019/02/23/innovative-thinking/index.html]
[localhost_8180/tag/domain-driven-design/index.html]
[localhost_8180/tag/thinking/index.html]
[localhost_8180/2019/02/17/microservices-part-1-basic-concepts/index.html]
[localhost_8180/tag/microservices/index.html]
[localhost_8180/tag/software-architecture/index.html]
[localhost_8180/2019/02/17/annual-tax-filing-for-llp-in-india/index.html]
[localhost_8180/tag/gst/index.html]
[localhost_8180/tag/startup/index.html]
[localhost_8180/tag/tax/index.html]
[localhost_8180/2019/02/16/few-thoughts-on-origin-of-universe/index.html]
[localhost_8180/category/space/index.html]
[localhost_8180/tag/big-bang/index.html]
[localhost_8180/tag/inflation/index.html]
[localhost_8180/tag/space/index.html]
[localhost_8180/2019/02/15/airbnb-data-science-team-experience-jeff-feng/index.html]
[localhost_8180/tag/airbnb/index.html]
[localhost_8180/tag/machine-learning/index.html]
[localhost_8180/tag/healthcare/index.html]
[localhost_8180/2019/02/15/model-based-learning/index.html]
[localhost_8180/tag/business/index.html]
[localhost_8180/2018/12/09/story-of-business-sciloo-customer-or-selling/index.html]
[localhost_8180/2018/07/19/sciloo-amazon-activate-builder-startup-program/index.html]
[localhost_8180/tag/aws/index.html]
[localhost_8180/page/6/index.html]
[localhost_8180/tag/funding/index.html]
[localhost_8180/tag/advice/index.html]
[localhost_8180/page/2/index.html]
[localhost_8180/tag/book/index.html]
[localhost_8180/tag/astrophotography/index.html]
[localhost_8180/tag/caffe/index.html]
[localhost_8180/tag/career/index.html]
[localhost_8180/tag/chocolate/index.html]
[localhost_8180/tag/coffee/index.html]
[localhost_8180/tag/decision-making/index.html]
[localhost_8180/tag/education/index.html]
[localhost_8180/tag/free/index.html]
[localhost_8180/tag/imagination/index.html]
[localhost_8180/tag/inspiration/index.html]
[localhost_8180/tag/invention/index.html]
[localhost_8180/tag/learning/index.html]
[localhost_8180/tag/life/index.html]
[localhost_8180/tag/motivation/index.html]
[localhost_8180/tag/nasa/index.html]
[localhost_8180/tag/newton/index.html]
[localhost_8180/tag/nono/index.html]
[localhost_8180/tag/paper/index.html]
[localhost_8180/tag/planning/index.html]
[localhost_8180/tag/process/index.html]
[localhost_8180/tag/radio-waves/index.html]
[localhost_8180/tag/space-time/index.html]
[localhost_8180/tag/strategy/index.html]
[localhost_8180/tag/success/index.html]
[localhost_8180/wp-json/wp/v2/pages/519.json]
[localhost_8180/tag/team/index.html]
[localhost_8180/wp-json/oembed/1.0/embed2d91.json]
[localhost_8180/wp-json/oembed/1.0/embed09af]
[localhost_8180/wp-content/uploads/2017/04/5-star-rating-e1497280280811-300x71.png]
[localhost_8180/wp-content/uploads/2017/04/4-star-rating-e1497280237617-300x90.png]
[localhost_8180/young-scientist-workshop/index.html]
[localhost_8180/wp-json/wp/v2/categories/4.json]
[localhost_8180/category/science-2/index.html]
[localhost_8180/2018/06/04/prolific-inventors-talk-one-inventor/index.html]
[localhost_8180/2018/05/30/free-research-papers-scihub/index.html]
[localhost_8180/wp-json/wp/v2/categories/131.json]
[localhost_8180/category/science-2/feed/index.html]
[localhost_8180/category/science-2/technology/index.html]
[localhost_8180/2018/05/28/book-review-see-small-telescope-101-cosmic-wonders/index.html]
[localhost_8180/tag/science/index.html]
[localhost_8180/2018/03/11/photos-experiments-using-microscope-binocular-telescope-camera/index.html]
[localhost_8180/2018/03/31/cant-see-stars-daytime-earth/index.html]
[localhost_8180/category/startups/index.html]
[localhost_8180/wp-json/wp/v2/categories/132.json]
[localhost_8180/tag/airplane/index.html]
[localhost_8180/2017/10/02/ball-floating-air-find-reasons/index.html]
[localhost_8180/tag/curiousity/index.html]
[localhost_8180/tag/thought-experiment/index.html]
[localhost_8180/tag/curiosity/index.html]
[localhost_8180/2017/10/01/why-there-are-no-mosquito-in-day-time-do-they-sleep/index.html]
[localhost_8180/wp-json/wp/v2/categories/192.json]
[localhost_8180/tag/nature/index.html]
[localhost_8180/tag/why/index.html]
[localhost_8180/category/motivation/index.html]
[localhost_8180/category/science-2/page/3/index.html]
[localhost_8180/category/science-2/page/2/index.html]
[localhost_8180/2017/05/17/innovation-linearslow-exponentialfast/index.html]
[localhost_8180/wp-json/wp/v2/categories/205.json]
[localhost_8180/category/stories/index.html]
[localhost_8180/2017/05/17/starting-a-technical-startup/index.html]
[localhost_8180/category/science-2/technology/feed/index.html]
[localhost_8180/tag/economics/index.html]
[localhost_8180/2017/03/14/still-spending-hundred-dollars-thousands-rupees-ssl-get-free-now-letsencrypt-org/index.html]
[localhost_8180/wp-json/wp/v2/categories/194.json]
[localhost_8180/category/career/index.html]
[localhost_8180/tag/encryption/index.html]
[localhost_8180/tag/security/index.html]
[localhost_8180/tag/ssl/index.html]
[localhost_8180/wp-json/wp/v2/posts/603.json]
[localhost_8180/tag/elon-musk/index.html]
[localhost_8180/tag/peter-thiel/index.html]
[localhost_8180/2017/01/15/book-review-zero-to-one-by-peter-thiel-next-google/index.html]
[localhost_8180/2018/07/18/sciloo-caffe-nono-place-coffee-chocolate-lovers/index.html]
[localhost_8180/wp-json/oembed/1.0/embed7ca5.json]
[localhost_8180/2018/06/24/startup-strategy/index.html]
[localhost_8180/2018/04/23/art-and-science-of-coffee-making/index.html]
[localhost_8180/category/startups/page/3/index.html]
[localhost_8180/wp-json/oembed/1.0/embed00b6]
[localhost_8180/category/startups/page/2/index.html]
[localhost_8180/2017/08/27/coffee-builds-you/index.html]
[localhost_8180/wp-content/uploads/2019/03/Untitled.png]
[localhost_8180/2017/06/27/parenting-for-better-learnings/index.html]
[localhost_8180/wp-content/uploads/2019/03/Untitled1.png]
[localhost_8180/category/motivation/feed/index.html]
[localhost_8180/2017/05/11/learn-approaches-part2-learning-learn-active-learning/index.html]
[localhost_8180/wp-includes/js/comment-reply.min9f31.js]
[localhost_8180/category/startups/feed/index.html]
[localhost_8180/2017/05/10/how-we-learn-the-approaches-specially-kids-part-1/index.html]
[localhost_8180/wp-content/plugins/akismet/_inc/form5fa1.js]
[localhost_8180/2019/03/31/experiment-generation-of-electricity-from-wind/index.html]
[localhost_8180/2017/03/28/story-of-life-value/index.html]
[localhost_8180/2017/05/08/stargazing-first-voyage-space/index.html]
[localhost_8180/tag/dream/index.html]
[localhost_8180/tag/story/index.html]
[localhost_8180/2017/03/23/choices-make-make-us/index.html]
[localhost_8180/wp-json/wp/v2/categories/2.json]
[localhost_8180/tag/awareness/index.html]
[localhost_8180/category/education/index.html]
[localhost_8180/tag/decision/index.html]
[localhost_8180/category/motivation/page/2/index.html]
[localhost_8180/category/stories/feed/index.html]
[localhost_8180/2018/05/04/sciloo-on-amazon-in/index.html]
[localhost_8180/wp-json/wp/v2/categories/222.json]
[localhost_8180/category/youngsciencelab/index.html]
[localhost_8180/2017/05/17/choosing-startup-team/index.html]
[localhost_8180/tag/challenges/index.html]
[localhost_8180/wp-json/wp/v2/tags/229.json]
[localhost_8180/tag/experiment/index.html]
[localhost_8180/category/career/feed/index.html]
[localhost_8180/2017/03/19/focus-important-aspect-life/index.html]
[localhost_8180/tag/attitude/index.html]
[localhost_8180/tag/habits/index.html]
[localhost_8180/wp-json/wp/v2/tags/278.json]
[localhost_8180/tag/perception/index.html]
[localhost_8180/tag/physics/index.html]
[localhost_8180/tag/dataset/index.html]
[localhost_8180/2017/01/14/dont-worry-couldnt-work-nasa-funded-research-made-public-now/index.html]
[localhost_8180/tag/exoplanets/index.html]
[localhost_8180/tag/life-on-other-planets/index.html]
[localhost_8180/tag/ncbi/index.html]
[localhost_8180/wp-json/wp/v2/posts/1130.json]
[localhost_8180/tag/open-data/index.html]
[localhost_8180/wp-json/oembed/1.0/embed249f.json]
[localhost_8180/tag/pmc/index.html]
[localhost_8180/wp-json/oembed/1.0/embeda08c]
[localhost_8180/tag/publications/index.html]
[localhost_8180/tag/pubspace/index.html]
[localhost_8180/tag/titan/index.html]
[localhost_8180/wp-content/uploads/2019/03/image.png]
[localhost_8180/2019/03/31/experiment-generation-of-electricity-from-wind/feed/index.html]
[localhost_8180/wp-content/uploads/2019/03/image-1.png]
[localhost_8180/wp-content/uploads/2019/03/image-2.png]
[localhost_8180/wp-content/uploads/2019/03/image-3.png]
[localhost_8180/author/user/index.html]
[localhost_8180/wp-content/uploads/2019/03/image-4.png]
[localhost_8180/wp-content/uploads/2019/03/image-5.png]
[localhost_8180/wp-content/uploads/2019/03/image-6.png]
[localhost_8180/category/education/feed/index.html]
[localhost_8180/2017/08/29/discovery-growth-managing-innovation-projects/index.html]
[localhost_8180/wp-content/uploads/2019/03/image-7.png]
[localhost_8180/tag/hypothesis/index.html]
[localhost_8180/wp-content/uploads/2019/03/image-8.png]
[localhost_8180/tag/management/index.html]
[localhost_8180/wp-content/uploads/2019/03/image-9.png]
[localhost_8180/2017/08/21/art-of-teaching/index.html]
[localhost_8180/wp-content/uploads/2019/03/image-11.png]
[localhost_8180/tag/teaching/index.html]
[localhost_8180/wp-content/uploads/2019/03/image-12.png]
[localhost_8180/2017/07/03/know-and-spread-intelligence/index.html]
[localhost_8180/wp-content/uploads/2019/03/image-13.png]
[localhost_8180/2019/03/05/observation-research-and-study/index.html]
[localhost_8180/tag/intelligence/index.html]
[localhost_8180/tag/school/index.html]
[localhost_8180/category/education/page/2/index.html]
[localhost_8180/wp-json/wp/v2/categories/232.json]
[localhost_8180/category/research/index.html]
[localhost_8180/2017/05/07/optics-light-and-its-behaviourproperties/index.html]
[localhost_8180/wp-json/wp/v2/tags/89.json]
[localhost_8180/category/youngsciencelab/feed/index.html]
[localhost_8180/tag/research/index.html]
[localhost_8180/tag/einstein/index.html]
[localhost_8180/2017/04/24/gravity-newton-and-einstein-definition-demonstration/index.html]
[localhost_8180/tag/gravity/index.html]
[localhost_8180/2017/04/24/newtons-car-third-law-motion-rocket-principle/index.html]
[localhost_8180/wp-json/wp/v2/posts/1124.json]
[localhost_8180/tag/laws-of-motion/index.html]
[localhost_8180/2017/04/24/experiment-solar-energy-solar-panel-works/index.html]
[localhost_8180/wp-json/oembed/1.0/embeda519.json]
[localhost_8180/tag/solar-cell/index.html]
[localhost_8180/tag/electric-car/index.html]
[localhost_8180/tag/solar-panel/index.html]
[localhost_8180/tag/solar-power/index.html]
[localhost_8180/2019/02/23/innovative-thinking/index.html]
[localhost_8180/wp-json/oembed/1.0/embed22ab]
[localhost_8180/2017/04/04/home-made-solar-system-with-plastic-balls-and-colours/index.html]
[localhost_8180/tag/creativity/index.html]
[localhost_8180/tag/home-made/index.html]
[localhost_8180/tag/solar-system/index.html]
[localhost_8180/wp-json/wp/v2/categories/193.json]
[localhost_8180/category/life/index.html]
[localhost_8180/tag/experiment/feed/index.html]
[localhost_8180/tag/physics/feed/index.html]
[localhost_8180/wp-json/wp/v2/tags/237.json]
[localhost_8180/tag/innovation/index.html]
[localhost_8180/2019/03/05/observation-research-and-study/feed/index.html]
[localhost_8180/wp-json/wp/v2/tags/105.json]
[localhost_8180/category/research/page/2/index.html]
[localhost_8180/tag/thinking/index.html]
[localhost_8180/2019/02/23/innovative-thinking/feed/index.html]
[localhost_8180/wp-json/wp/v2/posts/1115.json]
[localhost_8180/wp-json/oembed/1.0/embede469.json]
[localhost_8180/tag/research/feed/index.html]
[localhost_8180/category/research/feed/index.html]
[localhost_8180/2019/02/17/microservices-part-1-basic-concepts/index.html]
[localhost_8180/wp-json/oembed/1.0/embed3ae8]
[localhost_8180/tag/innovation/feed/index.html]
[localhost_8180/2017/09/04/value-customer-stakeholders/index.html]
[localhost_8180/tag/customer/index.html]
[localhost_8180/tag/value/index.html]
[localhost_8180/category/life/feed/index.html]
[localhost_8180/wp-json/wp/v2/tags/277.json]
[localhost_8180/tag/domain-driven-design/index.html]
[localhost_8180/tag/higher-dimensions/index.html]
[localhost_8180/2017/03/02/can-see-higher-dimensions-real-exist-4th-dimension/index.html]
[localhost_8180/tag/parallel-universe/index.html]
[localhost_8180/tag/visualization/index.html]
[localhost_8180/tag/thinking/feed/index.html]
[localhost_8180/tag/microservices/index.html]
[localhost_8180/wp-json/wp/v2/tags/276.json]
[localhost_8180/wp-json/wp/v2/tags/100.json]
[localhost_8180/2019/02/17/microservices-part-1-basic-concepts/feed/index.html]
[localhost_8180/tag/software-architecture/index.html]
[localhost_8180/tag/domain-driven-design/feed/index.html]
[localhost_8180/tag/microservices/feed/index.html]
[localhost_8180/wp-json/wp/v2/posts/1101.json]
[localhost_8180/tag/software-architecture/feed/index.html]
[localhost_8180/wp-json/oembed/1.0/embedcdd1.json]
[localhost_8180/2019/02/17/annual-tax-filing-for-llp-in-india/feed/index.html]
[localhost_8180/wp-json/oembed/1.0/embed2272]
[localhost_8180/2019/02/17/annual-tax-filing-for-llp-in-india/index.html]
[localhost_8180/wp-json/wp/v2/tags/275.json]
[localhost_8180/tag/gst/index.html]
[localhost_8180/wp-json/wp/v2/tags/135.json]
[localhost_8180/tag/startup/index.html]
[localhost_8180/tag/gst/feed/index.html]
[localhost_8180/2017/09/18/registering-startup-india-free-part-1-target/index.html]
[localhost_8180/tag/saving/index.html]
[localhost_8180/wp-json/wp/v2/tags/274.json]
[localhost_8180/2017/09/10/registering-startup-india-free-part-1/index.html]
[localhost_8180/tag/registration/index.html]
[localhost_8180/tag/tax/index.html]
[localhost_8180/tag/tax/feed/index.html]
[localhost_8180/wp-json/wp/v2/posts/1093.json]
[localhost_8180/tag/startup/feed/index.html]
[localhost_8180/2019/02/16/few-thoughts-on-origin-of-universe/feed/index.html]
[localhost_8180/wp-json/oembed/1.0/embed3fff.json]
[localhost_8180/wp-json/oembed/1.0/embed1f59]
[localhost_8180/2019/02/16/few-thoughts-on-origin-of-universe/index.html]
[localhost_8180/wp-json/wp/v2/categories/154.json]
[localhost_8180/category/space/index.html]
[localhost_8180/wp-json/wp/v2/tags/273.json]
[localhost_8180/tag/big-bang/index.html]
[localhost_8180/tag/lunar-eclipse/index.html]
[localhost_8180/2017/02/13/moon-looks-red-blood-moon-blood-red-moon-really/index.html]
[localhost_8180/tag/rayleigh-scattering/index.html]
[localhost_8180/wp-json/wp/v2/tags/272.json]
[localhost_8180/category/space/feed/index.html]
[localhost_8180/tag/red-moon/index.html]
[localhost_8180/tag/inflation/index.html]
[localhost_8180/tag/scattering-of-light/index.html]
[localhost_8180/2017/01/27/can-talk-space-yes-no-listening/index.html]
[localhost_8180/tag/space/index.html]
[localhost_8180/wp-json/wp/v2/tags/160.json]
[localhost_8180/tag/atmosphere/index.html]
[localhost_8180/tag/sound/index.html]
[localhost_8180/wp-json/wp/v2/posts/1070.json]
[localhost_8180/2017/01/23/rakesh-sharma-humble-superhero-life-advice/index.html]
[localhost_8180/tag/astronaut/index.html]
[localhost_8180/wp-json/oembed/1.0/embed659a.json]
[localhost_8180/tag/indian-astronaut/index.html]
[localhost_8180/tag/rakesh-sharma/index.html]
[localhost_8180/tag/big-bang/feed/index.html]
[localhost_8180/wp-json/oembed/1.0/embed4aa3]
[localhost_8180/wp-content/uploads/2019/02/image-6.png]
[localhost_8180/wp-content/uploads/2019/02/image-10.png]
[localhost_8180/wp-content/uploads/2019/02/image-8-1024x458.png]
[localhost_8180/tag/inflation/feed/index.html]
[localhost_8180/wp-content/uploads/2019/02/image-9-1024x383.png]
[localhost_8180/tag/space/feed/index.html]
[localhost_8180/wp-content/uploads/2019/02/image-7.png]
[localhost_8180/wp-content/uploads/2019/02/image-11-1024x506.png]
[localhost_8180/2019/02/15/airbnb-data-science-team-experience-jeff-feng/feed/index.html]
[localhost_8180/wp-content/uploads/2019/02/image-12-1024x349.png]
[localhost_8180/wp-content/uploads/2019/02/image-13-1024x512.png]
[localhost_8180/wp-content/uploads/2019/02/image-14-1024x531.png]
[localhost_8180/wp-content/uploads/2019/02/image-15-1024x437.png]
[localhost_8180/wp-content/uploads/2019/02/image-16-1024x491.png]
[localhost_8180/wp-content/uploads/2019/02/image-17-1024x549.png]
[localhost_8180/2019/02/15/airbnb-data-science-team-experience-jeff-feng/index.html]
[localhost_8180/wp-json/wp/v2/tags/270.json]
[localhost_8180/tag/airbnb/feed/index.html]
[localhost_8180/tag/airbnb/index.html]
[localhost_8180/wp-json/wp/v2/tags/267.json]
[localhost_8180/tag/machine-learning/index.html]
[localhost_8180/tag/machine-learning/feed/index.html]
[localhost_8180/wp-json/wp/v2/posts/1059.json]
[localhost_8180/2019/02/15/model-based-learning/feed/index.html]
[localhost_8180/wp-json/oembed/1.0/embedb841.json]
[localhost_8180/wp-json/oembed/1.0/embed147b]
[localhost_8180/wp-content/uploads/2019/02/image.png]
[localhost_8180/wp-content/uploads/2019/02/image-1.png]
[localhost_8180/wp-content/uploads/2019/02/image-3.png]
[localhost_8180/wp-content/uploads/2019/02/image-4.png]
[localhost_8180/wp-content/uploads/2019/02/image-2.png]
[localhost_8180/wp-content/uploads/2019/02/image-5-1024x507.png]
[localhost_8180/wp-content/uploads/2019/02/image-18.png]
[localhost_8180/2019/02/15/model-based-learning/index.html]
[localhost_8180/wp-json/wp/v2/tags/269.json]
[localhost_8180/tag/healthcare/index.html]
[localhost_8180/tag/healthcare/feed/index.html]
[localhost_8180/wp-json/wp/v2/posts/1047.json]
[localhost_8180/2018/12/09/story-of-business-sciloo-customer-or-selling/feed/index.html]
[localhost_8180/wp-json/oembed/1.0/embed6c93.json]
[localhost_8180/wp-json/oembed/1.0/embedfd47]
[cdn.pixabay.com/photo/2016/05/27/00/58/trust-1418901__340.jpg]
[localhost_8180/2018/12/09/story-of-business-sciloo-customer-or-selling/index.html]
[localhost_8180/wp-json/wp/v2/tags/234.json]
[localhost_8180/tag/business/index.html]
[localhost_8180/wp-json/wp/v2/posts/1039.json]
[localhost_8180/tag/business/feed/index.html]
[localhost_8180/2018/07/19/sciloo-amazon-activate-builder-startup-program/feed/index.html]
[localhost_8180/wp-json/oembed/1.0/embed3611.json]
[localhost_8180/2018/07/19/sciloo-amazon-activate-builder-startup-program/index.html]
[localhost_8180/wp-json/oembed/1.0/embede529]
[localhost_8180/tag/aws/index.html]
[localhost_8180/wp-json/wp/v2/tags/266.json]
[localhost_8180/tag/aws/feed/index.html]
[localhost_8180/wp-json/wp/v2/tags/143.json]
[localhost_8180/tag/funding/index.html]
[localhost_8180/tag/funding/feed/index.html]
[localhost_8180/page/6/index.html]
[localhost_8180/page/2/index.html]
[localhost_8180/page/5/index.html]
[localhost_8180/2018/04/06/sciloo-now-a-startup-india-recognized-startup/index.html]
[localhost_8180/wp-json/wp/v2/tags/6.json]
[localhost_8180/page/3/index.html]
[localhost_8180/tag/advice/index.html]
[localhost_8180/tag/advice/feed/index.html]
[localhost_8180/wp-json/wp/v2/tags/258.json]
[localhost_8180/tag/astrophotography/index.html]
[localhost_8180/wp-json/wp/v2/tags/142.json]
[localhost_8180/tag/book/index.html]
[localhost_8180/tag/astrophotography/feed/index.html]
[localhost_8180/tag/book/feed/index.html]
[localhost_8180/wp-json/wp/v2/tags/264.json]
[localhost_8180/tag/caffe/feed/index.html]
[localhost_8180/tag/caffe/index.html]
[localhost_8180/wp-json/wp/v2/tags/19.json]
[localhost_8180/tag/career/index.html]
[localhost_8180/wp-json/wp/v2/tags/265.json]
[localhost_8180/tag/career/feed/index.html]
[localhost_8180/tag/chocolate/index.html]
[localhost_8180/wp-json/wp/v2/tags/257.json]
[localhost_8180/tag/chocolate/feed/index.html]
[localhost_8180/tag/coffee/index.html]
[localhost_8180/wp-json/wp/v2/tags/213.json]
[localhost_8180/tag/decision-making/index.html]
[localhost_8180/tag/coffee/feed/index.html]
[localhost_8180/2017/10/09/inventive-thinking-part-1-overview/index.html]
[localhost_8180/tag/patent/index.html]
[localhost_8180/wp-json/wp/v2/tags/233.json]
[localhost_8180/tag/decision-making/feed/index.html]
[localhost_8180/tag/education/index.html]
[localhost_8180/tag/education/feed/index.html]
[localhost_8180/wp-json/wp/v2/tags/245.json]
[localhost_8180/tag/free/index.html]
[localhost_8180/wp-json/wp/v2/tags/219.json]
[localhost_8180/tag/imagination/index.html]
[localhost_8180/tag/free/feed/index.html]
[localhost_8180/wp-json/wp/v2/tags/49.json]
[localhost_8180/tag/imagination/feed/index.html]
[localhost_8180/tag/inspiration/index.html]
[localhost_8180/wp-json/wp/v2/tags/256.json]
[localhost_8180/tag/invention/index.html]
[localhost_8180/tag/inspiration/feed/index.html]
[localhost_8180/tag/invention/feed/index.html]
[localhost_8180/wp-json/wp/v2/tags/57.json]
[localhost_8180/tag/learning/index.html]
[localhost_8180/tag/learning/feed/index.html]
[localhost_8180/wp-json/wp/v2/tags/200.json]
[localhost_8180/tag/life/index.html]
[localhost_8180/wp-json/wp/v2/tags/62.json]
[localhost_8180/tag/motivation/index.html]
[localhost_8180/tag/life/feed/index.html]
[localhost_8180/wp-json/wp/v2/tags/64.json]
[localhost_8180/tag/nasa/index.html]
[localhost_8180/tag/motivation/feed/index.html]
[localhost_8180/wp-json/wp/v2/tags/227.json]
[localhost_8180/tag/nasa/feed/index.html]
[localhost_8180/tag/newton/index.html]
[localhost_8180/wp-json/wp/v2/tags/263.json]
[localhost_8180/tag/newton/feed/index.html]
[localhost_8180/tag/nono/index.html]
[localhost_8180/wp-json/wp/v2/tags/259.json]
[localhost_8180/tag/nono/feed/index.html]
[localhost_8180/tag/paper/index.html]
[localhost_8180/tag/paper/feed/index.html]
[localhost_8180/wp-json/wp/v2/tags/262.json]
[localhost_8180/tag/planning/index.html]
[localhost_8180/tag/planning/feed/index.html]
[localhost_8180/wp-json/wp/v2/tags/260.json]
[localhost_8180/tag/process/index.html]
[localhost_8180/tag/process/feed/index.html]
[localhost_8180/wp-json/wp/v2/tags/162.json]
[localhost_8180/tag/radio-waves/index.html]
[localhost_8180/tag/radio-waves/feed/index.html]
[localhost_8180/2017/02/03/wifiradio-crossespenetratespass-wall-light-failsdoesnt/index.html]
[localhost_8180/tag/electromagnetic-spectrum/index.html]
[localhost_8180/tag/browsing/index.html]
[localhost_8180/wp-json/wp/v2/tags/183.json]
[localhost_8180/tag/light/index.html]
[localhost_8180/tag/light-versus-radio/index.html]
[localhost_8180/tag/space-time/index.html]
[localhost_8180/tag/photon/index.html]
[localhost_8180/tag/router/index.html]
[localhost_8180/tag/visible-light/index.html]
[localhost_8180/tag/wave-particle-nature/index.html]
[localhost_8180/tag/wifi/index.html]
[localhost_8180/wp-json/wp/v2/tags/261.json]
[localhost_8180/tag/strategy/index.html]
[localhost_8180/tag/space-time/feed/index.html]
[localhost_8180/wp-json/wp/v2/tags/101.json]
[localhost_8180/tag/success/index.html]
[localhost_8180/tag/strategy/feed/index.html]
[localhost_8180/wp-json/wp/v2/tags/236.json]
[localhost_8180/tag/team/index.html]
[localhost_8180/tag/success/feed/index.html]
[localhost_8180/Trident/index.html]
[localhost_8180/indexcc08.html]
[localhost_8180/young-scientist-workshop/Trident/index.html]
[localhost_8180/wp-json/wp/v2/posts/951.json]
[localhost_8180/tag/team/feed/index.html]
[localhost_8180/wp-json/oembed/1.0/embedd5c1.json]
[localhost_8180/2018/06/04/prolific-inventors-talk-one-inventor/feed/index.html]
[localhost_8180/wp-json/oembed/1.0/embed06f1]
[localhost_8180/wp-content/uploads/2018/06/patents.jpg]
[localhost_8180/2018/06/04/prolific-inventors-talk-one-inventor/index.html]
[localhost_8180/wp-json/wp/v2/posts/945.json]
[localhost_8180/2018/05/30/free-research-papers-scihub/feed/index.html]
[localhost_8180/wp-json/oembed/1.0/embed770a.json]
[localhost_8180/2018/05/30/free-research-papers-scihub/index.html]
[localhost_8180/wp-json/oembed/1.0/embed883c]
[localhost_8180/wp-json/wp/v2/posts/929.json]
[localhost_8180/2018/05/28/book-review-see-small-telescope-101-cosmic-wonders/feed/index.html]
[localhost_8180/wp-json/oembed/1.0/embed0292.json]
[localhost_8180/wp-content/uploads/2018/05/IMG_20180528_003025_cp-1024x479.jpg]
[localhost_8180/wp-json/oembed/1.0/embed7821]
[localhost_8180/wp-content/uploads/2018/05/toc.jpg]
[localhost_8180/wp-content/uploads/2018/05/IMG_20180527_152307_cp-1024x498.jpg]
[localhost_8180/wp-content/uploads/2018/05/IMG_20180528_003121_cp-1024x436.jpg]
[localhost_8180/2018/05/28/book-review-see-small-telescope-101-cosmic-wonders/index.html]
[localhost_8180/wp-json/wp/v2/posts/897.json]
[localhost_8180/2018/03/31/cant-see-stars-daytime-earth/feed/index.html]
[localhost_8180/wp-json/oembed/1.0/embed9167.json]
[localhost_8180/wp-json/oembed/1.0/embed9e57]
[localhost_8180/wp-content/uploads/2018/03/sunrise-300x241.jpg]
[localhost_8180/2018/03/31/cant-see-stars-daytime-earth/index.html]
[localhost_8180/wp-content/uploads/2018/03/earthrise-300x240.jpg]
[localhost_8180/wp-json/wp/v2/tags/93.json]
[localhost_8180/tag/science/index.html]
[localhost_8180/wp-json/wp/v2/posts/885.json]
[localhost_8180/tag/science/feed/index.html]
[localhost_8180/2018/03/11/photos-experiments-using-microscope-binocular-telescope-camera/feed/index.html]
[localhost_8180/wp-json/oembed/1.0/embeda769.json]
[localhost_8180/2018/03/11/photos-experiments-using-microscope-binocular-telescope-camera/index.html]
[localhost_8180/wp-json/oembed/1.0/embed26a4]
[localhost_8180/wp-json/wp/v2/posts/853.json]
[localhost_8180/2017/10/02/ball-floating-air-find-reasons/feed/index.html]
[localhost_8180/wp-json/oembed/1.0/embeddc8b.json]
[localhost_8180/2017/10/02/ball-floating-air-find-reasons/index.html]
[localhost_8180/wp-json/oembed/1.0/embed4b40]
[localhost_8180/wp-json/wp/v2/tags/253.json]
[localhost_8180/tag/airplane/index.html]
[localhost_8180/wp-json/wp/v2/tags/252.json]
[localhost_8180/tag/airplane/feed/index.html]
[localhost_8180/tag/curiousity/index.html]
[localhost_8180/wp-json/wp/v2/tags/254.json]
[localhost_8180/tag/curiousity/feed/index.html]
[localhost_8180/tag/thought-experiment/index.html]
[localhost_8180/wp-json/wp/v2/posts/691.json]
[localhost_8180/tag/thought-experiment/feed/index.html]
[localhost_8180/wp-json/oembed/1.0/embed8b73.json]
[localhost_8180/2017/10/01/why-there-are-no-mosquito-in-day-time-do-they-sleep/feed/index.html]
[localhost_8180/wp-json/oembed/1.0/embedc005]
[localhost_8180/2017/10/01/why-there-are-no-mosquito-in-day-time-do-they-sleep/index.html]
[localhost_8180/wp-json/wp/v2/tags/250]
[localhost_8180/tag/curiosity/index.html]
[localhost_8180/tag/curiosity/feed/index.html]
[localhost_8180/wp-json/wp/v2/tags/251.json]
[localhost_8180/tag/nature/index.html]
[localhost_8180/tag/nature/feed/index.html]
[localhost_8180/wp-json/wp/v2/tags/249.json]
[localhost_8180/tag/why/index.html]
[localhost_8180/category/science-2/page/3/index.html]
[localhost_8180/tag/why/feed/index.html]
[localhost_8180/category/science-2/page/2/index.html]
[localhost_8180/category/science-2/Trident/index.html]
[localhost_8180/wp-json/wp/v2/posts/665.json]
[localhost_8180/2017/05/17/innovation-linearslow-exponentialfast/feed/index.html]
[localhost_8180/wp-json/oembed/1.0/embed64cc.json]
[localhost_8180/wp-json/oembed/1.0/embed3c76]
[localhost_8180/2017/05/17/innovation-linearslow-exponentialfast/index.html]
[localhost_8180/wp-json/wp/v2/posts/670.json]
[localhost_8180/wp-json/oembed/1.0/embed1a4b.json]
[localhost_8180/2017/05/17/starting-a-technical-startup/feed/index.html]
[localhost_8180/2017/05/17/starting-a-technical-startup/index.html]
[localhost_8180/wp-json/oembed/1.0/embed0261]
[localhost_8180/wp-json/wp/v2/tags/235.json]
[localhost_8180/tag/economics/index.html]
[localhost_8180/wp-json/wp/v2/posts/444.json]
[localhost_8180/tag/economics/feed/index.html]
[localhost_8180/2017/03/14/still-spending-hundred-dollars-thousands-rupees-ssl-get-free-now-letsencrypt-org/feed/index.html]
[localhost_8180/wp-json/oembed/1.0/embedb186.json]
[localhost_8180/wp-json/oembed/1.0/embed8161]
[localhost_8180/wp-content/uploads/2017/03/sslratesgodaddy-1024x516.png]
[localhost_8180/wp-content/uploads/2017/03/ssltest.png]
[localhost_8180/wp-content/uploads/2017/03/growth.png]
[localhost_8180/2017/03/14/still-spending-hundred-dollars-thousands-rupees-ssl-get-free-now-letsencrypt-org/index.html]
[localhost_8180/wp-json/wp/v2/tags/189.json]
[localhost_8180/tag/encryption/index.html]
[localhost_8180/tag/encryption/feed/index.html]
[localhost_8180/wp-json/wp/v2/tags/191.json]
[localhost_8180/tag/security/index.html]
[localhost_8180/tag/security/feed/index.html]
[localhost_8180/wp-json/wp/v2/tags/202.json]
[localhost_8180/tag/ssl/index.html]
[localhost_8180/tag/ssl/feed/index.html]
[localhost_8180/wp-json/wp/v2/posts/265.json]
[localhost_8180/2017/01/15/book-review-zero-to-one-by-peter-thiel-next-google/feed/index.html]
[localhost_8180/wp-json/oembed/1.0/embedd22c.json]
[localhost_8180/wp-json/oembed/1.0/embedc832]
[localhost_8180/2017/01/15/book-review-zero-to-one-by-peter-thiel-next-google/index.html]
[localhost_8180/wp-json/wp/v2/tags/137.json]
[localhost_8180/tag/elon-musk/index.html]
[localhost_8180/2017/01/15/book-review-zero-to-one-by-peter-thiel-next-google/index1ba8.html]
[localhost_8180/tag/elon-musk/feed/index.html]
[localhost_8180/wp-json/wp/v2/tags/136.json]
[localhost_8180/tag/peter-thiel/index.html]
[localhost_8180/category/science-2/technology/Trident/index.html]
[localhost_8180/wp-json/wp/v2/posts/1019.json]
[localhost_8180/tag/peter-thiel/feed/index.html]
[localhost_8180/wp-json/oembed/1.0/embed99d2.json]
[localhost_8180/2018/07/18/sciloo-caffe-nono-place-coffee-chocolate-lovers/feed/index.html]
[localhost_8180/wp-json/oembed/1.0/embed2098]
[localhost_8180/wp-content/uploads/2018/07/cafe-nono-1-300x110.jpg]
[localhost_8180/wp-content/uploads/2018/07/cafe-nono-3-nonsq-233x300.jpg]
[localhost_8180/wp-content/uploads/2018/07/IMG_20180718_234752-225x300.jpg]
[localhost_8180/wp-content/uploads/2018/07/IMG_20180718_234725-300x300.jpg]
[localhost_8180/wp-content/uploads/2018/07/IMG_20180718_234643-225x300.jpg]
[localhost_8180/wp-content/uploads/2018/07/IMG_20180718_234604-300x300.jpg]
[localhost_8180/wp-content/uploads/2018/07/IMG_20180718_234515-300x300.jpg]
[localhost_8180/wp-content/uploads/2018/07/IMG_20180718_234429-225x300.jpg]
[localhost_8180/wp-content/uploads/2018/07/IMG_20180718_233841-300x300.jpg]
[localhost_8180/wp-content/uploads/2018/07/IMG_20180718_234315-300x225.jpg]
[localhost_8180/2018/07/18/sciloo-caffe-nono-place-coffee-chocolate-lovers/index.html]
[localhost_8180/wp-json/wp/v2/posts/753.json]
[localhost_8180/2018/06/24/startup-strategy/feed/index.html]
[localhost_8180/wp-json/oembed/1.0/embed69d4.json]
[localhost_8180/wp-json/oembed/1.0/embed50b3]
[localhost_8180/wp-content/uploads/2018/06/growth-300x247.jpg]
[localhost_8180/2018/06/24/startup-strategy/index.html]
[localhost_8180/wp-json/wp/v2/posts/911.json]
[localhost_8180/wp-json/oembed/1.0/embed285d.json]
[localhost_8180/2018/04/23/art-and-science-of-coffee-making/feed/index.html]
[localhost_8180/2018/04/23/art-and-science-of-coffee-making/index.html]
[localhost_8180/category/startups/page/3/index.html]
[localhost_8180/wp-json/oembed/1.0/embede09b]
[localhost_8180/category/startups/page/2/index.html]
[localhost_8180/category/startups/Trident/index.html]
[localhost_8180/wp-json/wp/v2/posts/802.json]
[localhost_8180/wp-json/oembed/1.0/embed3ae8.json]
[localhost_8180/2017/08/27/coffee-builds-you/feed/index.html]
[localhost_8180/wp-json/oembed/1.0/embed8e7f]
[localhost_8180/wp-content/uploads/2017/08/coffee-576x1024.jpg]
[localhost_8180/2017/08/27/coffee-builds-you/index.html]
[localhost_8180/wp-json/wp/v2/posts/709.json]
[localhost_8180/wp-json/oembed/1.0/embedd5f5.json]
[localhost_8180/2017/06/27/parenting-for-better-learnings/feed/index.html]
[localhost_8180/2017/06/27/parenting-for-better-learnings/index.html]
[localhost_8180/wp-json/oembed/1.0/embedbbde]
[localhost_8180/wp-json/wp/v2/posts/643.json]
[localhost_8180/2017/05/11/learn-approaches-part2-learning-learn-active-learning/feed/index.html]
[localhost_8180/wp-json/oembed/1.0/embed5524.json]
[localhost_8180/2017/05/11/learn-approaches-part2-learning-learn-active-learning/index.html]
[localhost_8180/wp-json/oembed/1.0/embed7731]
[localhost_8180/wp-json/wp/v2/posts/626.json]
[localhost_8180/2017/05/10/how-we-learn-the-approaches-specially-kids-part-1/feed/index.html]
[localhost_8180/wp-json/oembed/1.0/embede34c.json]
[localhost_8180/2017/05/10/how-we-learn-the-approaches-specially-kids-part-1/index.html]
[localhost_8180/wp-json/oembed/1.0/embedda7b]
[localhost_8180/wp-json/wp/v2/posts/591.json]
[localhost_8180/wp-json/oembed/1.0/embed71e0.json]
[localhost_8180/2017/05/08/stargazing-first-voyage-space/feed/index.html]
[localhost_8180/wp-json/oembed/1.0/embededff]
[localhost_8180/2017/05/08/stargazing-first-voyage-space/index.html]
[localhost_8180/wp-json/wp/v2/posts/489.json]
[localhost_8180/2017/03/28/story-of-life-value/feed/index.html]
[localhost_8180/wp-json/oembed/1.0/embedf8de.json]
[localhost_8180/2017/03/28/story-of-life-value/index.html]
[localhost_8180/wp-json/oembed/1.0/embed96a0]
[localhost_8180/wp-json/wp/v2/tags/216.json]
[localhost_8180/tag/dream/index.html]
[localhost_8180/tag/dream/feed/index.html]
[localhost_8180/wp-json/wp/v2/tags/217.json]
[localhost_8180/tag/story/index.html]
[localhost_8180/tag/story/feed/index.html]
[localhost_8180/wp-json/wp/v2/posts/470.json]
[localhost_8180/2017/03/23/choices-make-make-us/feed/index.html]
[localhost_8180/wp-json/oembed/1.0/embedd101.json]
[localhost_8180/wp-json/oembed/1.0/embed1e1f]
[localhost_8180/2017/03/23/choices-make-make-us/index.html]
[localhost_8180/tag/awareness/index.html]
[localhost_8180/wp-json/wp/v2/tags/207.json]
[localhost_8180/tag/awareness/feed/index.html]
[localhost_8180/wp-json/wp/v2/tags/206.json]
[localhost_8180/tag/decision/index.html]
[localhost_8180/tag/decision/feed/index.html]
[localhost_8180/category/motivation/page/2/index.html]
[localhost_8180/category/motivation/Trident/index.html]
[localhost_8180/wp-json/wp/v2/posts/922.json]
[localhost_8180/wp-json/oembed/1.0/embedd36c.json]
[localhost_8180/2018/05/04/sciloo-on-amazon-in/feed/index.html]
[localhost_8180/2018/05/04/sciloo-on-amazon-in/index.html]
[localhost_8180/category/stories/Trident/index.html]
[localhost_8180/wp-json/oembed/1.0/embed0610]
[localhost_8180/wp-json/wp/v2/posts/667.json]
[localhost_8180/2017/05/17/choosing-startup-team/feed/index.html]
[localhost_8180/wp-json/oembed/1.0/embedc7dc.json]
[localhost_8180/2017/05/17/choosing-startup-team/index.html]
[localhost_8180/wp-json/oembed/1.0/embed2fb5]
[localhost_8180/tag/challenges/index.html]
[localhost_8180/wp-json/wp/v2/tags/238.json]
[localhost_8180/tag/challenges/feed/index.html]
[localhost_8180/wp-json/wp/v2/posts/456.json]
[localhost_8180/2017/03/19/focus-important-aspect-life/feed/index.html]
[localhost_8180/wp-json/oembed/1.0/embed72d1.json]
[localhost_8180/2017/03/19/focus-important-aspect-life/index.html]
[localhost_8180/wp-json/oembed/1.0/embed9162]
[localhost_8180/wp-json/wp/v2/tags/212.json]
[localhost_8180/tag/attitude/index.html]
[localhost_8180/tag/attitude/feed/index.html]
[localhost_8180/wp-json/wp/v2/tags/199.json]
[localhost_8180/tag/habits/index.html]
[localhost_8180/tag/habits/feed/index.html]
[localhost_8180/wp-json/wp/v2/tags/201.json]
[localhost_8180/tag/perception/index.html]
[localhost_8180/tag/perception/feed/index.html]
[localhost_8180/wp-json/wp/v2/posts/250.json]
[localhost_8180/wp-json/oembed/1.0/embed93ba.json]
[localhost_8180/2017/01/14/dont-worry-couldnt-work-nasa-funded-research-made-public-now/feed/index.html]
[localhost_8180/wp-json/oembed/1.0/embed9d61]
[localhost_8180/2017/01/14/dont-worry-couldnt-work-nasa-funded-research-made-public-now/index.html]
[localhost_8180/wp-json/wp/v2/tags/209.json]
[localhost_8180/tag/dataset/index.html]
[localhost_8180/wp-json/wp/v2/tags/144.json]
[localhost_8180/tag/dataset/feed/index.html]
[localhost_8180/tag/exoplanets/index.html]
[localhost_8180/tag/life-on-other-planets/index.html]
[localhost_8180/wp-json/wp/v2/tags/208.json]
[localhost_8180/tag/exoplanets/feed/index.html]
[localhost_8180/tag/life-on-other-planets/feed/index.html]
[localhost_8180/wp-json/wp/v2/tags/125.json]
[localhost_8180/tag/ncbi/index.html]
[localhost_8180/tag/ncbi/feed/index.html]
[localhost_8180/wp-json/wp/v2/tags/123.json]
[localhost_8180/tag/open-data/index.html]
[localhost_8180/tag/open-data/feed/index.html]
[localhost_8180/wp-json/wp/v2/tags/126.json]
[localhost_8180/tag/pmc/index.html]
[localhost_8180/tag/pmc/feed/index.html]
[localhost_8180/wp-json/wp/v2/tags/130.json]
[localhost_8180/tag/publications/index.html]
[localhost_8180/tag/pubspace/index.html]
[localhost_8180/wp-json/wp/v2/tags/124.json]
[localhost_8180/tag/publications/feed/index.html]
[localhost_8180/wp-json/wp/v2/tags/145.json]
[localhost_8180/tag/pubspace/feed/index.html]
[localhost_8180/tag/titan/index.html]
[localhost_8180/category/career/Trident/index.html]
[localhost_8180/index7aeb.html]
[localhost_8180/xmlrpc.php]
[localhost_8180/tag/titan/feed/index.html]
[localhost_8180/wp-json/wp/v2/users/1.json]
[localhost_8180/author/user/index.html]
[localhost_8180/2019/03/31/experiment-generation-of-electricity-from-wind/Trident/index.html]
[localhost_8180/author/user/page/6/index.html]
[localhost_8180/author/user/page/2/index.html]
[localhost_8180/wp-json/wp/v2/posts/747.json]
[localhost_8180/2017/08/29/discovery-growth-managing-innovation-projects/feed/index.html]
[localhost_8180/wp-json/oembed/1.0/embed96b5.json]
[localhost_8180/2017/08/29/discovery-growth-managing-innovation-projects/index.html]
[localhost_8180/wp-json/oembed/1.0/embed5f2b]
[localhost_8180/wp-json/wp/v2/tags/243.json]
[localhost_8180/tag/hypothesis/index.html]
[localhost_8180/author/user/feed/index.html]
[localhost_8180/tag/hypothesis/feed/index.html]
[localhost_8180/wp-json/wp/v2/tags/242.json]
[localhost_8180/tag/management/index.html]
[localhost_8180/tag/management/feed/index.html]
[localhost_8180/wp-json/wp/v2/posts/711.json]
[localhost_8180/wp-json/oembed/1.0/embed0f66.json]
[localhost_8180/2017/08/21/art-of-teaching/feed/index.html]
[localhost_8180/2017/08/21/art-of-teaching/index.html]
[localhost_8180/wp-json/oembed/1.0/embed93a8]
[localhost_8180/wp-json/wp/v2/tags/241.json]
[localhost_8180/tag/teaching/index.html]
[localhost_8180/wp-json/wp/v2/posts/704.json]
[localhost_8180/tag/teaching/feed/index.html]
[localhost_8180/wp-json/oembed/1.0/embedb38e.json]
[localhost_8180/2017/07/03/know-and-spread-intelligence/feed/index.html]
[localhost_8180/wp-json/oembed/1.0/embed1170]
[localhost_8180/2017/07/03/know-and-spread-intelligence/index.html]
[localhost_8180/wp-json/wp/v2/tags/240.json]
[localhost_8180/tag/intelligence/index.html]
[localhost_8180/wp-json/wp/v2/tags/239.json]
[localhost_8180/tag/school/index.html]
[localhost_8180/tag/intelligence/feed/index.html]
[localhost_8180/tag/school/feed/index.html]
[localhost_8180/category/education/page/2/index.html]
[localhost_8180/category/education/Trident/index.html]
[localhost_8180/wp-json/wp/v2/posts/574.json]
[localhost_8180/2017/05/07/optics-light-and-its-behaviourproperties/feed/index.html]
[localhost_8180/wp-json/oembed/1.0/embed7974]
[localhost_8180/wp-json/oembed/1.0/embed2c10]
[localhost_8180/2017/05/07/optics-light-and-its-behaviourproperties/index.html]
[localhost_8180/wp-json/wp/v2/posts/561.json]
[localhost_8180/wp-json/oembed/1.0/embed1c91.json]
[localhost_8180/2017/04/24/gravity-newton-and-einstein-definition-demonstration/feed/index.html]
[localhost_8180/wp-json/oembed/1.0/embed523f]
[localhost_8180/2017/04/24/gravity-newton-and-einstein-definition-demonstration/index.html]
[localhost_8180/wp-json/wp/v2/tags/231.json]
[localhost_8180/tag/einstein/index.html]
[localhost_8180/wp-json/wp/v2/tags/230.json]
[localhost_8180/tag/einstein/feed/index.html]
[localhost_8180/tag/gravity/index.html]
[localhost_8180/wp-json/wp/v2/posts/551.json]
[localhost_8180/2017/04/24/newtons-car-third-law-motion-rocket-principle/feed/index.html]
[localhost_8180/tag/gravity/feed/index.html]
[localhost_8180/wp-json/oembed/1.0/embedd837.json]
[localhost_8180/wp-json/oembed/1.0/embed4b76]
[localhost_8180/2017/04/24/newtons-car-third-law-motion-rocket-principle/index.html]
[localhost_8180/wp-json/wp/v2/tags/228.json]
[localhost_8180/tag/laws-of-motion/index.html]
[localhost_8180/wp-json/wp/v2/posts/547.json]
[localhost_8180/tag/laws-of-motion/feed/index.html]
[localhost_8180/wp-json/oembed/1.0/embeda937.json]
[localhost_8180/2017/04/24/experiment-solar-energy-solar-panel-works/feed/index.html]
[localhost_8180/wp-json/oembed/1.0/embedddb7]
[localhost_8180/2017/04/24/experiment-solar-energy-solar-panel-works/index.html]
[localhost_8180/wp-json/wp/v2/tags/224.json]
[localhost_8180/tag/electric-car/index.html]
[localhost_8180/wp-json/wp/v2/tags/226.json]
[localhost_8180/tag/solar-cell/index.html]
[localhost_8180/tag/electric-car/feed/index.html]
[localhost_8180/wp-json/wp/v2/tags/225.json]
[localhost_8180/tag/solar-panel/index.html]
[localhost_8180/tag/solar-cell/feed/index.html]
[localhost_8180/wp-json/wp/v2/tags/223.json]
[localhost_8180/tag/solar-panel/feed/index.html]
[localhost_8180/tag/solar-power/index.html]
[localhost_8180/tag/solar-power/feed/index.html]
[localhost_8180/wp-json/wp/v2/posts/508.json]
[localhost_8180/wp-json/oembed/1.0/embed1045.json]
[localhost_8180/2017/04/04/home-made-solar-system-with-plastic-balls-and-colours/feed/index.html]
[localhost_8180/wp-json/oembed/1.0/embed4701]
[localhost_8180/2017/04/04/home-made-solar-system-with-plastic-balls-and-colours/index.html]
[localhost_8180/wp-json/wp/v2/tags/221.json]
[localhost_8180/tag/creativity/index.html]
[localhost_8180/wp-json/wp/v2/tags/220.json]
[localhost_8180/tag/creativity/feed/index.html]
[localhost_8180/tag/home-made/index.html]
[localhost_8180/tag/home-made/feed/index.html]
[localhost_8180/wp-json/wp/v2/tags/218.json]
[localhost_8180/tag/solar-system/index.html]
[localhost_8180/category/youngsciencelab/Trident/index.html]
[localhost_8180/tag/experiment/Trident/index.html]
[localhost_8180/tag/physics/Trident/index.html]
[localhost_8180/index456c.html]
[localhost_8180/2019/03/05/observation-research-and-study/1.%09http_/www.chemistry.wustl.edu/_courses/genchem/LabTutorials/Thermochem/Fridge.html]
[localhost_8180/2019/03/05/observation-research-and-study/Trident/index.html]
[localhost_8180/category/research/page/2/index.html]
[localhost_8180/tag/solar-system/feed/index.html]
[localhost_8180/category/research/Trident/index.html]
[localhost_8180/tag/research/Trident/index.html]
[localhost_8180/indexd832.html]
[localhost_8180/2019/02/23/innovative-thinking/Trident/index.html]
[localhost_8180/category/life/Trident/index.html]
[localhost_8180/wp-json/wp/v2/posts/764.json]
[localhost_8180/2017/09/04/value-customer-stakeholders/feed/index.html]
[localhost_8180/wp-json/oembed/1.0/embedd497.json]
[localhost_8180/wp-json/oembed/1.0/embeddb99]
[localhost_8180/2017/09/04/value-customer-stakeholders/index.html]
[localhost_8180/wp-json/wp/v2/tags/248.json]
[localhost_8180/tag/customer/index.html]
[localhost_8180/tag/customer/feed/index.html]
[localhost_8180/wp-json/wp/v2/tags/247.json]
[localhost_8180/tag/value/index.html]
[localhost_8180/tag/innovation/Trident/index.html]
[localhost_8180/wp-json/wp/v2/posts/426.json]
[localhost_8180/tag/value/feed/index.html]
[localhost_8180/2017/03/02/can-see-higher-dimensions-real-exist-4th-dimension/feed/index.html]
[localhost_8180/wp-json/oembed/1.0/embedd71a.json]
[localhost_8180/wp-json/oembed/1.0/embed672b]
[localhost_8180/2017/03/02/can-see-higher-dimensions-real-exist-4th-dimension/index.html]
[localhost_8180/wp-json/wp/v2/tags/184.json]
[localhost_8180/tag/higher-dimensions/index.html]
[localhost_8180/wp-json/wp/v2/tags/186.json]
[localhost_8180/tag/higher-dimensions/feed/index.html]
[localhost_8180/tag/parallel-universe/index.html]
[localhost_8180/wp-json/wp/v2/tags/187.json]
[localhost_8180/tag/parallel-universe/feed/index.html]
[localhost_8180/tag/visualization/index.html]
[localhost_8180/tag/thinking/Trident/index.html]
[localhost_8180/index1efb.html]
[localhost_8180/2019/02/17/microservices-part-1-basic-concepts/Trident/index.html]
[localhost_8180/tag/domain-driven-design/Trident/index.html]
[localhost_8180/tag/microservices/Trident/index.html]
[localhost_8180/tag/software-architecture/Trident/index.html]
[localhost_8180/index0314.html]
[localhost_8180/2019/02/17/annual-tax-filing-for-llp-in-india/Trident/index.html]
[localhost_8180/tag/gst/Trident/index.html]
[localhost_8180/wp-json/wp/v2/posts/830.json]
[localhost_8180/tag/visualization/feed/index.html]
[localhost_8180/wp-json/oembed/1.0/embedd441.json]
[localhost_8180/2017/09/18/registering-startup-india-free-part-1-target/feed/index.html]
[localhost_8180/2017/09/18/registering-startup-india-free-part-1-target/index.html]
[localhost_8180/wp-json/oembed/1.0/embed5b74]
[localhost_8180/wp-json/wp/v2/tags/246.json]
[localhost_8180/tag/saving/index.html]
[localhost_8180/wp-json/wp/v2/posts/825.json]
[localhost_8180/tag/saving/feed/index.html]
[localhost_8180/2017/09/10/registering-startup-india-free-part-1/feed/index.html]
[localhost_8180/wp-json/oembed/1.0/embed94b5.json]
[localhost_8180/wp-json/oembed/1.0/embed85a7]
[localhost_8180/2017/09/10/registering-startup-india-free-part-1/index.html]
[localhost_8180/wp-json/wp/v2/tags/244.json]
[localhost_8180/tag/registration/index.html]
[localhost_8180/tag/startup/Trident/index.html]
[localhost_8180/tag/tax/Trident/index.html]
[localhost_8180/index9a65.html]
[localhost_8180/2019/02/16/few-thoughts-on-origin-of-universe/Trident/index.html]
[localhost_8180/wp-json/wp/v2/posts/410.json]
[localhost_8180/tag/registration/feed/index.html]
[localhost_8180/2017/02/13/moon-looks-red-blood-moon-blood-red-moon-really/feed/index.html]
[localhost_8180/wp-json/oembed/1.0/embed4688.json]
[localhost_8180/wp-json/oembed/1.0/embed7b6c]
[localhost_8180/2017/02/13/moon-looks-red-blood-moon-blood-red-moon-really/index.html]
[localhost_8180/wp-json/wp/v2/tags/178.json]
[localhost_8180/tag/lunar-eclipse/index.html]
[localhost_8180/wp-json/wp/v2/tags/182.json]
[localhost_8180/tag/lunar-eclipse/feed/index.html]
[localhost_8180/tag/rayleigh-scattering/index.html]
[localhost_8180/wp-json/wp/v2/tags/177.json]
[localhost_8180/tag/red-moon/index.html]
[localhost_8180/tag/rayleigh-scattering/feed/index.html]
[localhost_8180/tag/red-moon/feed/index.html]
[localhost_8180/wp-json/wp/v2/tags/181.json]
[localhost_8180/tag/scattering-of-light/index.html]
[localhost_8180/tag/scattering-of-light/feed/index.html]
[localhost_8180/wp-json/wp/v2/posts/370.json]
[localhost_8180/wp-json/oembed/1.0/embedddd9.json]
[localhost_8180/2017/01/27/can-talk-space-yes-no-listening/feed/index.html]
[localhost_8180/wp-json/oembed/1.0/embedf60d]
[localhost_8180/2017/01/27/can-talk-space-yes-no-listening/index.html]
[localhost_8180/wp-json/wp/v2/tags/204.json]
[localhost_8180/tag/atmosphere/index.html]
[localhost_8180/wp-json/wp/v2/tags/161.json]
[localhost_8180/tag/atmosphere/feed/index.html]
[localhost_8180/tag/sound/index.html]
[localhost_8180/wp-json/wp/v2/posts/294.json]
[localhost_8180/tag/sound/feed/index.html]
[localhost_8180/wp-json/oembed/1.0/embede279.json]
[localhost_8180/2017/01/23/rakesh-sharma-humble-superhero-life-advice/feed/index.html]
[localhost_8180/wp-json/oembed/1.0/embed24ba]
[localhost_8180/2017/01/23/rakesh-sharma-humble-superhero-life-advice/index.html]
[localhost_8180/wp-json/wp/v2/tags/156.json]
[localhost_8180/tag/astronaut/index.html]
[localhost_8180/tag/indian-astronaut/index.html]
[localhost_8180/wp-json/wp/v2/tags/157.json]
[localhost_8180/tag/astronaut/feed/index.html]
[localhost_8180/wp-json/wp/v2/tags/155.json]
[localhost_8180/tag/indian-astronaut/feed/index.html]
[localhost_8180/tag/rakesh-sharma/index.html]
[localhost_8180/category/space/Trident/index.html]
[localhost_8180/tag/big-bang/Trident/index.html]
[localhost_8180/tag/inflation/Trident/index.html]
[localhost_8180/tag/space/Trident/index.html]
[localhost_8180/index327d.html]
[localhost_8180/2019/02/15/airbnb-data-science-team-experience-jeff-feng/Trident/index.html]
[localhost_8180/tag/airbnb/Trident/index.html]
[localhost_8180/tag/machine-learning/Trident/index.html]
[localhost_8180/index8973.html]
[localhost_8180/2019/02/15/model-based-learning/Trident/index.html]
[localhost_8180/tag/healthcare/Trident/index.html]
[localhost_8180/indexa741.html]
[localhost_8180/2018/12/09/story-of-business-sciloo-customer-or-selling/Trident/index.html]
[localhost_8180/tag/business/Trident/index.html]
[localhost_8180/index5900.html]
[localhost_8180/2018/07/19/sciloo-amazon-activate-builder-startup-program/Trident/index.html]
[localhost_8180/tag/aws/Trident/index.html]
[localhost_8180/tag/funding/Trident/index.html]
[localhost_8180/page/5/index.html]
[localhost_8180/tag/rakesh-sharma/feed/index.html]
[localhost_8180/page/6/Trident/index.html]
[localhost_8180/page/4/index.html]
[localhost_8180/wp-json/wp/v2/posts/907.json]
[localhost_8180/2018/04/06/sciloo-now-a-startup-india-recognized-startup/feed/index.html]
[localhost_8180/wp-json/oembed/1.0/embed02b0.json]
[localhost_8180/wp-json/oembed/1.0/embedb4fd]
[localhost_8180/wp-content/uploads/2018/04/startupindia_recognition-300x196.jpg]
[localhost_8180/2018/04/06/sciloo-now-a-startup-india-recognized-startup/index.html]
[localhost_8180/page/3/index.html]
[localhost_8180/page/2/Trident/index.html]
[localhost_8180/tag/advice/Trident/index.html]
[localhost_8180/tag/astrophotography/Trident/index.html]
[localhost_8180/tag/book/Trident/index.html]
[localhost_8180/tag/caffe/Trident/index.html]
[localhost_8180/tag/career/Trident/index.html]
[localhost_8180/tag/chocolate/Trident/index.html]
[localhost_8180/tag/coffee/Trident/index.html]
[localhost_8180/wp-json/wp/v2/posts/856.json]
[localhost_8180/wp-json/oembed/1.0/embed72c8.json]
[localhost_8180/2017/10/09/inventive-thinking-part-1-overview/feed/index.html]
[localhost_8180/wp-json/oembed/1.0/embeda3b8]
[localhost_8180/2017/10/09/inventive-thinking-part-1-overview/index.html]
[localhost_8180/wp-json/wp/v2/tags/255.json]
[localhost_8180/tag/patent/index.html]
[localhost_8180/tag/decision-making/Trident/index.html]
[localhost_8180/tag/education/Trident/index.html]
[localhost_8180/tag/free/Trident/index.html]
[localhost_8180/tag/imagination/Trident/index.html]
[localhost_8180/tag/inspiration/Trident/index.html]
[localhost_8180/tag/invention/Trident/index.html]
[localhost_8180/tag/learning/Trident/index.html]
[localhost_8180/tag/life/Trident/index.html]
[localhost_8180/tag/motivation/Trident/index.html]
[localhost_8180/tag/nasa/Trident/index.html]
[localhost_8180/tag/newton/Trident/index.html]
[localhost_8180/tag/nono/Trident/index.html]
[localhost_8180/tag/paper/Trident/index.html]
[localhost_8180/tag/planning/Trident/index.html]
[localhost_8180/tag/process/Trident/index.html]
[localhost_8180/tag/patent/feed/index.html]
[localhost_8180/wp-json/wp/v2/posts/382.json]
[localhost_8180/wp-json/oembed/1.0/embedc79b.json]
[localhost_8180/2017/02/03/wifiradio-crossespenetratespass-wall-light-failsdoesnt/feed/index.html]
[localhost_8180/wp-json/oembed/1.0/embed54d1]
[localhost_8180/2017/02/03/wifiradio-crossespenetratespass-wall-light-failsdoesnt/index.html]
[localhost_8180/wp-json/wp/v2/tags/172.json]
[localhost_8180/tag/browsing/index.html]
[localhost_8180/2017/02/03/wifiradio-crossespenetratespass-wall-light-failsdoesnt/indexd44c.html]
[localhost_8180/tag/electromagnetic-spectrum/index.html]
[localhost_8180/wp-json/wp/v2/tags/165.json]
[localhost_8180/tag/browsing/feed/index.html]
[localhost_8180/tag/electromagnetic-spectrum/feed/index.html]
[localhost_8180/wp-json/wp/v2/tags/211.json]
[localhost_8180/tag/light/index.html]
[localhost_8180/tag/light/feed/index.html]
[localhost_8180/wp-json/wp/v2/tags/170.json]
[localhost_8180/tag/light-versus-radio/index.html]
[localhost_8180/wp-json/wp/v2/tags/166.json]
[localhost_8180/tag/photon/index.html]
[localhost_8180/tag/light-versus-radio/feed/index.html]
[localhost_8180/wp-json/wp/v2/tags/171.json]
[localhost_8180/tag/router/index.html]
[localhost_8180/tag/photon/feed/index.html]
[localhost_8180/wp-json/wp/v2/tags/163.json]
[localhost_8180/tag/router/feed/index.html]
[localhost_8180/tag/visible-light/index.html]
[localhost_8180/tag/wave-particle-nature/index.html]
[localhost_8180/wp-json/wp/v2/tags/174.json]
[localhost_8180/tag/visible-light/feed/index.html]
[localhost_8180/wp-json/wp/v2/tags/168.json]
[localhost_8180/tag/wave-particle-nature/feed/index.html]
[localhost_8180/tag/wifi/index.html]
[localhost_8180/tag/radio-waves/Trident/index.html]
[localhost_8180/tag/space-time/Trident/index.html]
[localhost_8180/tag/strategy/Trident/index.html]
[localhost_8180/tag/success/Trident/index.html]
[localhost_8180/tag/team/Trident/index.html]
[localhost_8180/index80d6.html]
[localhost_8180/2018/06/04/prolific-inventors-talk-one-inventor/Trident/index.html]
[localhost_8180/index2a8d.html]
[localhost_8180/2018/05/30/free-research-papers-scihub/Trident/index.html]
[localhost_8180/indexbb46.html]
[localhost_8180/2018/05/28/book-review-see-small-telescope-101-cosmic-wonders/Trident/index.html]
[localhost_8180/index2cc4.html]
[localhost_8180/2018/03/31/cant-see-stars-daytime-earth/Trident/index.html]
[localhost_8180/tag/science/Trident/index.html]
[localhost_8180/index0c42.html]
[localhost_8180/2018/03/11/photos-experiments-using-microscope-binocular-telescope-camera/Trident/index.html]
[localhost_8180/index9fe1.html]
[localhost_8180/2017/10/02/ball-floating-air-find-reasons/Trident/index.html]
[localhost_8180/tag/airplane/Trident/index.html]
[localhost_8180/tag/curiousity/Trident/index.html]
[localhost_8180/tag/thought-experiment/Trident/index.html]
[localhost_8180/index2025.html]
[localhost_8180/2017/10/01/why-there-are-no-mosquito-in-day-time-do-they-sleep/Trident/index.html]
[localhost_8180/tag/curiosity/Trident/index.html]
[localhost_8180/tag/nature/Trident/index.html]
[localhost_8180/tag/why/Trident/index.html]
[localhost_8180/category/science-2/page/3/Trident/index.html]
[localhost_8180/category/science-2/page/2/Trident/index.html]
[localhost_8180/index2bcd.html]
[localhost_8180/2017/05/17/innovation-linearslow-exponentialfast/Trident/index.html]
[localhost_8180/index767a.html]
[localhost_8180/2017/05/17/starting-a-technical-startup/Trident/index.html]
[localhost_8180/tag/economics/Trident/index.html]
[localhost_8180/indexb284.html]
[localhost_8180/2017/03/14/still-spending-hundred-dollars-thousands-rupees-ssl-get-free-now-letsencrypt-org/Trident/index.html]
[localhost_8180/tag/encryption/Trident/index.html]
[localhost_8180/tag/security/Trident/index.html]
[localhost_8180/tag/ssl/Trident/index.html]
[localhost_8180/indexc61d.html]
[localhost_8180/tag/wifi/feed/index.html]
[localhost_8180/2017/01/15/book-review-zero-to-one-by-peter-thiel-next-google/index1ba8.html]
[localhost_8180/2017/01/15/book-review-zero-to-one-by-peter-thiel-next-google/Trident/index.html]
[localhost_8180/tag/elon-musk/Trident/index.html]
[localhost_8180/tag/peter-thiel/Trident/index.html]
[localhost_8180/index1bd8.html]
[localhost_8180/2018/07/18/sciloo-caffe-nono-place-coffee-chocolate-lovers/Trident/index.html]
[localhost_8180/indexf31a.html]
[localhost_8180/2018/06/24/startup-strategy/Trident/index.html]
[localhost_8180/indexc5f9.html]
[localhost_8180/2018/04/23/art-and-science-of-coffee-making/Trident/index.html]
[localhost_8180/category/startups/page/3/Trident/index.html]
[localhost_8180/category/startups/page/2/Trident/index.html]
[localhost_8180/indexe98c.html]
[localhost_8180/2017/08/27/coffee-builds-you/Trident/index.html]
[localhost_8180/indexc344.html]
[localhost_8180/2017/06/27/parenting-for-better-learnings/Trident/index.html]
[localhost_8180/indexb0f8.html]
[localhost_8180/2017/05/11/learn-approaches-part2-learning-learn-active-learning/Trident/index.html]
[localhost_8180/indexe90e.html]
[localhost_8180/2017/05/10/how-we-learn-the-approaches-specially-kids-part-1/Trident/index.html]
[localhost_8180/index81db.html]
[localhost_8180/2017/05/08/stargazing-first-voyage-space/Trident/index.html]
[localhost_8180/indexb645.html]
[localhost_8180/2017/03/28/story-of-life-value/Trident/index.html]
[localhost_8180/tag/dream/Trident/index.html]
[localhost_8180/tag/story/Trident/index.html]
[localhost_8180/index1beb.html]
[localhost_8180/2017/03/23/choices-make-make-us/Trident/index.html]
[localhost_8180/tag/awareness/Trident/index.html]
[localhost_8180/tag/decision/Trident/index.html]
[localhost_8180/category/motivation/page/2/Trident/index.html]
[localhost_8180/indexc8e5.html]
[localhost_8180/2018/05/04/sciloo-on-amazon-in/Trident/index.html]
[localhost_8180/indexf425.html]
[localhost_8180/2017/05/17/choosing-startup-team/Trident/index.html]
[localhost_8180/tag/challenges/Trident/index.html]
[localhost_8180/index7014.html]
[localhost_8180/2017/03/19/focus-important-aspect-life/Trident/index.html]
[localhost_8180/tag/attitude/Trident/index.html]
[localhost_8180/tag/habits/Trident/index.html]
[localhost_8180/tag/perception/Trident/index.html]
[localhost_8180/indexc807.html]
[localhost_8180/2017/01/14/dont-worry-couldnt-work-nasa-funded-research-made-public-now/Trident/index.html]
[localhost_8180/tag/dataset/Trident/index.html]
[localhost_8180/tag/exoplanets/Trident/index.html]
[localhost_8180/tag/life-on-other-planets/Trident/index.html]
[localhost_8180/tag/ncbi/Trident/index.html]
[localhost_8180/tag/open-data/Trident/index.html]
[localhost_8180/tag/pmc/Trident/index.html]
[localhost_8180/tag/publications/Trident/index.html]
[localhost_8180/tag/pubspace/Trident/index.html]
[localhost_8180/tag/titan/Trident/index.html]
[localhost_8180/author/user/page/6/index.html]
[localhost_8180/author/user/page/2/index.html]
[localhost_8180/author/user/page/5/index.html]
[localhost_8180/author/user/page/3/index.html]
[localhost_8180/author/user/Trident/index.html]
[localhost_8180/indexa4b6.html]
[localhost_8180/2017/08/29/discovery-growth-managing-innovation-projects/Trident/index.html]
[localhost_8180/tag/hypothesis/Trident/index.html]
[localhost_8180/tag/management/Trident/index.html]
[localhost_8180/indexa308.html]
[localhost_8180/2017/08/21/art-of-teaching/Trident/index.html]
[localhost_8180/tag/teaching/Trident/index.html]
[localhost_8180/index5d09.html]
[localhost_8180/2017/07/03/know-and-spread-intelligence/Trident/index.html]
[localhost_8180/tag/intelligence/Trident/index.html]
[localhost_8180/tag/school/Trident/index.html]
[localhost_8180/category/education/page/2/Trident/index.html]
[localhost_8180/indexfe50.html]
[localhost_8180/2017/05/07/optics-light-and-its-behaviourproperties/Trident/index.html]
[localhost_8180/index4e57.html]
[localhost_8180/2017/04/24/gravity-newton-and-einstein-definition-demonstration/Trident/index.html]
[localhost_8180/tag/einstein/Trident/index.html]
[localhost_8180/tag/gravity/Trident/index.html]
[localhost_8180/index46de.html]
[localhost_8180/2017/04/24/newtons-car-third-law-motion-rocket-principle/Trident/index.html]
[localhost_8180/tag/laws-of-motion/Trident/index.html]
[localhost_8180/index7cc7.html]
[localhost_8180/2017/04/24/experiment-solar-energy-solar-panel-works/Trident/index.html]
[localhost_8180/tag/electric-car/Trident/index.html]
[localhost_8180/tag/solar-cell/Trident/index.html]
[localhost_8180/tag/solar-panel/Trident/index.html]
[localhost_8180/tag/solar-power/Trident/index.html]
[localhost_8180/indexa5f2.html]
[localhost_8180/2017/04/04/home-made-solar-system-with-plastic-balls-and-colours/Trident/index.html]
[localhost_8180/tag/creativity/Trident/index.html]
[localhost_8180/tag/home-made/Trident/index.html]
[localhost_8180/tag/solar-system/Trident/index.html]
[localhost_8180/category/research/page/2/Trident/index.html]
[localhost_8180/indexa102.html]
[localhost_8180/2017/09/04/value-customer-stakeholders/Trident/index.html]
[localhost_8180/tag/customer/Trident/index.html]
[localhost_8180/tag/value/Trident/index.html]
[localhost_8180/index2202.html]
[localhost_8180/2017/03/02/can-see-higher-dimensions-real-exist-4th-dimension/Trident/index.html]
[localhost_8180/tag/higher-dimensions/Trident/index.html]
[localhost_8180/tag/parallel-universe/Trident/index.html]
[localhost_8180/tag/visualization/Trident/index.html]
[localhost_8180/index975e.html]
[localhost_8180/2017/09/18/registering-startup-india-free-part-1-target/Trident/index.html]
[localhost_8180/tag/saving/Trident/index.html]
[localhost_8180/indexee96.html]
[localhost_8180/2017/09/10/registering-startup-india-free-part-1/Trident/index.html]
[localhost_8180/tag/registration/Trident/index.html]
[localhost_8180/index0ed6.html]
[localhost_8180/2017/02/13/moon-looks-red-blood-moon-blood-red-moon-really/Trident/index.html]
[localhost_8180/tag/lunar-eclipse/Trident/index.html]
[localhost_8180/tag/rayleigh-scattering/Trident/index.html]
[localhost_8180/tag/red-moon/Trident/index.html]
[localhost_8180/tag/scattering-of-light/Trident/index.html]
[localhost_8180/index12d0.html]
[localhost_8180/2017/01/27/can-talk-space-yes-no-listening/Trident/index.html]
[localhost_8180/tag/atmosphere/Trident/index.html]
[localhost_8180/tag/sound/Trident/index.html]
[localhost_8180/indexe2aa.html]
[localhost_8180/2017/01/23/rakesh-sharma-humble-superhero-life-advice/Trident/index.html]
[localhost_8180/tag/astronaut/Trident/index.html]
[localhost_8180/tag/indian-astronaut/Trident/index.html]
[localhost_8180/tag/rakesh-sharma/Trident/index.html]
[localhost_8180/page/4/index.html]
[localhost_8180/page/5/Trident/index.html]
[localhost_8180/indexa5c3.html]
[localhost_8180/2018/04/06/sciloo-now-a-startup-india-recognized-startup/Trident/index.html]
[localhost_8180/page/3/Trident/index.html]
[localhost_8180/index763e.html]
[localhost_8180/2017/10/09/inventive-thinking-part-1-overview/Trident/index.html]
[localhost_8180/tag/patent/Trident/index.html]
[localhost_8180/index802e.html]
[localhost_8180/2017/02/03/wifiradio-crossespenetratespass-wall-light-failsdoesnt/indexd44c.html]
[localhost_8180/2017/02/03/wifiradio-crossespenetratespass-wall-light-failsdoesnt/Trident/index.html]
[localhost_8180/tag/browsing/Trident/index.html]
[localhost_8180/tag/electromagnetic-spectrum/Trident/index.html]
[localhost_8180/tag/light/Trident/index.html]
[localhost_8180/tag/light-versus-radio/Trident/index.html]
[localhost_8180/tag/photon/Trident/index.html]
[localhost_8180/tag/router/Trident/index.html]
[localhost_8180/tag/visible-light/Trident/index.html]
[localhost_8180/tag/wave-particle-nature/Trident/index.html]
[www.localhost_8180/wp-content/uploads/2017/04/ysl.png]
[localhost_8180/author/user/page/5/index.html]
[localhost_8180/author/user/page/4/index.html]
[localhost_8180/author/user/page/6/Trident/index.html]
[localhost_8180/author/user/page/3/index.html]
[localhost_8180/author/user/page/2/Trident/index.html]
[localhost_8180/page/4/Trident/index.html]
[localhost_8180/tag/wifi/Trident/index.html]
[www.localhost_8180/wp-content/uploads/2017/05/mosquito-2-300x289.jpg]
[www.localhost_8180/wp-content/uploads/2017/01/schermafbeelding-2016-03-15-om-20-09-26.png]
[www.localhost_8180/wp-content/uploads/2017/03/value-life1-1-1024x594.jpg]
[www.localhost_8180/wp-content/uploads/2017/03/skic-cover-front-small-150x150.jpg]
[www.localhost_8180/wp-content/uploads/2017/03/list-disney-mickey-89856234-E-300x168.jpeg]
[www.localhost_8180/wp-content/uploads/2017/03/rs_1024x759-160126165827-1024.Oprah-Winfrey.ms_.012616-300x222.jpg]
[www.localhost_8180/wp-content/uploads/2017/03/mourning-77382_1280-300x169.jpg]
[www.localhost_8180/wp-content/uploads/2017/03/BLFocus-300x300.jpg]
[www.localhost_8180/wp-content/uploads/2017/01/Titan-1-204x300.png]
[localhost_8180/author/user/page/4/index.html]
[localhost_8180/author/user/page/5/Trident/index.html]
[localhost_8180/author/user/page/3/Trident/index.html]
[www.localhost_8180/wp-content/uploads/2017/04/reflection-300x130.jpg]
[www.localhost_8180/wp-content/uploads/2017/04/negative-refraction.jpg]
[www.localhost_8180/wp-content/uploads/2017/04/diffracted-300x196.jpg]
[www.localhost_8180/wp-content/uploads/2017/04/solar-eclipse-300x114.png]
[www.localhost_8180/wp-content/uploads/2017/04/eclipse_lunar-300x140.jpg]
[www.localhost_8180/wp-content/uploads/2017/04/13_gravitation1-300x272.jpg]
[www.localhost_8180/wp-content/uploads/2017/04/einstein_gravity-300x160.jpg]
[www.localhost_8180/wp-content/uploads/2017/04/gravity_sheet2-300x225.jpg]
[www.localhost_8180/wp-content/uploads/2017/04/Newton_car.jpg]
[www.localhost_8180/wp-content/uploads/2017/04/solar-system.jpg]
[www.localhost_8180/wp-content/uploads/2017/04/The-sun-is-moving.gif]
[www.localhost_8180/wp-content/uploads/2017/04/solar-apex-188166156-300x232.jpg]
[www.localhost_8180/wp-content/uploads/2017/03/stringspace-e1417811256405-300x288.jpg]
[www.localhost_8180/wp-content/uploads/2017/02/title.png]
[www.localhost_8180/wp-content/uploads/2017/02/u12l2f3-300x136.gif]
[www.localhost_8180/wp-content/uploads/2017/02/s3-1280-300x169.jpg]
[www.localhost_8180/wp-content/uploads/2017/01/rope2.gif]
[www.localhost_8180/wp-content/uploads/2017/02/laser_double_slit-300x270.png]
[www.localhost_8180/wp-content/uploads/2017/02/laser_double_slit_2-300x284.png]
[www.localhost_8180/wp-content/uploads/2017/02/IMG_20170202_230658_HDR-169x300.jpg]
[www.localhost_8180/wp-content/uploads/2017/02/1-thefirstever-300x300.jpg]
[localhost_8180/author/user/page/4/Trident/index.html]
